{"level":"error","message":"Access denied for user 'nivas_user'@'localhost' (using password: YES)","method":"POST","service":"nivas-api","stack":"SequelizeAccessDeniedError: Access denied for user 'nivas_user'@'localhost' (using password: YES)\n    at ConnectionManager.connect (C:\\Users\\nikhi\\OneDrive\\Documents\\nivas\\backend\\node_modules\\sequelize\\src\\dialects\\mysql\\connection-manager.js:118:17)\n    at processTicksAndRejections (node:internal/process/task_queues:105:5)\n    at ConnectionManager._connect (C:\\Users\\nikhi\\OneDrive\\Documents\\nivas\\backend\\node_modules\\sequelize\\src\\dialects\\abstract\\connection-manager.js:332:24)\n    at C:\\Users\\nikhi\\OneDrive\\Documents\\nivas\\backend\\node_modules\\sequelize\\src\\dialects\\abstract\\connection-manager.js:250:32\n    at ConnectionManager.getConnection (C:\\Users\\nikhi\\OneDrive\\Documents\\nivas\\backend\\node_modules\\sequelize\\src\\dialects\\abstract\\connection-manager.js:280:7)\n    at C:\\Users\\nikhi\\OneDrive\\Documents\\nivas\\backend\\node_modules\\sequelize\\src\\sequelize.js:638:26\n    at MySQLQueryInterface.select (C:\\Users\\nikhi\\OneDrive\\Documents\\nivas\\backend\\node_modules\\sequelize\\src\\dialects\\abstract\\query-interface.js:1001:12)\n    at User.findAll (C:\\Users\\nikhi\\OneDrive\\Documents\\nivas\\backend\\node_modules\\sequelize\\src\\model.js:1824:21)\n    at User.findOne (C:\\Users\\nikhi\\OneDrive\\Documents\\nivas\\backend\\node_modules\\sequelize\\src\\model.js:1998:12)\n    at Object.login (C:\\Users\\nikhi\\OneDrive\\Documents\\nivas\\backend\\services\\authService.js:30:16)\n    at Object.<anonymous>.exports.login (C:\\Users\\nikhi\\OneDrive\\Documents\\nivas\\backend\\controllers\\authController.js:6:20)","timestamp":"2026-07-02 16:54:21","url":"/api/auth/login"}
{"level":"error","message":"Failed to start server: Access denied for user 'nivas_user'@'localhost' (using password: YES)","name":"SequelizeAccessDeniedError","original":{"code":"ER_ACCESS_DENIED_ERROR","errno":1045,"sqlMessage":"Access denied for user 'nivas_user'@'localhost' (using password: YES)","sqlState":"28000"},"parent":{"code":"ER_ACCESS_DENIED_ERROR","errno":1045,"sqlMessage":"Access denied for user 'nivas_user'@'localhost' (using password: YES)","sqlState":"28000"},"service":"nivas-api","stack":"SequelizeAccessDeniedError: Access denied for user 'nivas_user'@'localhost' (using password: YES)\n    at ConnectionManager.connect (C:\\Users\\nikhi\\OneDrive\\Documents\\nivas\\backend\\node_modules\\sequelize\\lib\\dialects\\mysql\\connection-manager.js:94:17)\n    at process.processTicksAndRejections (node:internal/process/task_queues:105:5)\n    at async ConnectionManager._connect (C:\\Users\\nikhi\\OneDrive\\Documents\\nivas\\backend\\node_modules\\sequelize\\lib\\dialects\\abstract\\connection-manager.js:222:24)\n    at async C:\\Users\\nikhi\\OneDrive\\Documents\\nivas\\backend\\node_modules\\sequelize\\lib\\dialects\\abstract\\connection-manager.js:174:32\n    at async ConnectionManager.getConnection (C:\\Users\\nikhi\\OneDrive\\Documents\\nivas\\backend\\node_modules\\sequelize\\lib\\dialects\\abstract\\connection-manager.js:197:7)\n    at async C:\\Users\\nikhi\\OneDrive\\Documents\\nivas\\backend\\node_modules\\sequelize\\lib\\sequelize.js:305:26\n    at async Sequelize.authenticate (C:\\Users\\nikhi\\OneDrive\\Documents\\nivas\\backend\\node_modules\\sequelize\\lib\\sequelize.js:457:5)\n    at async startServer (C:\\Users\\nikhi\\OneDrive\\Documents\\nivas\\backend\\server.js:17:5)","timestamp":"2026-07-02 17:05:27"}
{"level":"info","message":"Database connection established","service":"nivas-api","timestamp":"2026-07-02 17:14:19"}
{"level":"info","message":"Database synced","service":"nivas-api","timestamp":"2026-07-02 17:14:20"}
{"level":"info","message":"Nivas API server running on port 5000 [development]","service":"nivas-api","timestamp":"2026-07-02 17:14:20"}
{"level":"info","message":"Database connection established","service":"nivas-api","timestamp":"2026-07-02 17:16:18"}
{"level":"info","message":"Database synced","service":"nivas-api","timestamp":"2026-07-02 17:16:18"}
{"level":"info","message":"Nivas API server running on port 5000 [development]","service":"nivas-api","timestamp":"2026-07-02 17:16:18"}
{"level":"info","message":"Database connection established","service":"nivas-api","timestamp":"2026-07-02 17:16:26"}
{"level":"info","message":"Database synced","service":"nivas-api","timestamp":"2026-07-02 17:16:26"}
{"level":"info","message":"Nivas API server running on port 5000 [development]","service":"nivas-api","timestamp":"2026-07-02 17:16:26"}
{"level":"info","message":"Database connection established","service":"nivas-api","timestamp":"2026-07-02 17:17:38"}
{"level":"info","message":"Database synced","service":"nivas-api","timestamp":"2026-07-02 17:17:38"}
{"level":"info","message":"Nivas API server running on port 5000 [development]","service":"nivas-api","timestamp":"2026-07-02 17:17:38"}
{"level":"info","message":"Database connection established","service":"nivas-api","timestamp":"2026-07-28 13:35:54"}
{"level":"info","message":"Database synced","service":"nivas-api","timestamp":"2026-07-28 13:35:56"}
{"level":"info","message":"Nivas API server running on port 5000 [development]","service":"nivas-api","timestamp":"2026-07-28 13:35:56"}
{"level":"info","message":"Database connection established","service":"nivas-api","timestamp":"2026-07-28 13:45:17"}
{"level":"info","message":"Database synced","service":"nivas-api","timestamp":"2026-07-28 13:45:17"}
{"level":"info","message":"Nivas API server running on port 5000 [development]","service":"nivas-api","timestamp":"2026-07-28 13:45:17"}
{"level":"info","message":"Database connection established","service":"nivas-api","timestamp":"2026-07-28 13:45:21"}
{"level":"info","message":"Database synced","service":"nivas-api","timestamp":"2026-07-28 13:45:22"}
{"level":"info","message":"Nivas API server running on port 5000 [development]","service":"nivas-api","timestamp":"2026-07-28 13:45:22"}
{"level":"info","message":"Database connection established","service":"nivas-api","timestamp":"2026-07-28 13:45:28"}
{"level":"info","message":"Database synced","service":"nivas-api","timestamp":"2026-07-28 13:45:28"}
{"level":"info","message":"Nivas API server running on port 5000 [development]","service":"nivas-api","timestamp":"2026-07-28 13:45:28"}
{"level":"info","message":"Database connection established","service":"nivas-api","timestamp":"2026-07-28 13:46:10"}
{"level":"info","message":"Database synced","service":"nivas-api","timestamp":"2026-07-28 13:46:11"}
{"level":"info","message":"Nivas API server running on port 5000 [development]","service":"nivas-api","timestamp":"2026-07-28 13:46:11"}
{"level":"info","message":"Database connection established","service":"nivas-api","timestamp":"2026-07-28 13:46:20"}
{"level":"info","message":"Database synced","service":"nivas-api","timestamp":"2026-07-28 13:46:21"}
{"level":"info","message":"Nivas API server running on port 5000 [development]","service":"nivas-api","timestamp":"2026-07-28 13:46:21"}
{"level":"info","message":"Database connection established","service":"nivas-api","timestamp":"2026-07-28 13:46:47"}
{"level":"info","message":"Database synced","service":"nivas-api","timestamp":"2026-07-28 13:46:47"}
{"level":"info","message":"Nivas API server running on port 5000 [development]","service":"nivas-api","timestamp":"2026-07-28 13:46:47"}
{"level":"info","message":"Database connection established","service":"nivas-api","timestamp":"2026-07-28 13:46:55"}
{"level":"info","message":"Database synced","service":"nivas-api","timestamp":"2026-07-28 13:46:55"}
{"level":"info","message":"Nivas API server running on port 5000 [development]","service":"nivas-api","timestamp":"2026-07-28 13:46:55"}
{"level":"info","message":"Database connection established","service":"nivas-api","timestamp":"2026-07-28 13:47:02"}
{"level":"info","message":"Database synced","service":"nivas-api","timestamp":"2026-07-28 13:47:02"}
{"level":"info","message":"Nivas API server running on port 5000 [development]","service":"nivas-api","timestamp":"2026-07-28 13:47:02"}
{"level":"info","message":"Database connection established","service":"nivas-api","timestamp":"2026-07-28 13:47:04"}
{"level":"info","message":"Database synced","service":"nivas-api","timestamp":"2026-07-28 13:47:05"}
{"level":"info","message":"Nivas API server running on port 5000 [development]","service":"nivas-api","timestamp":"2026-07-28 13:47:05"}
{"level":"info","message":"Database connection established","service":"nivas-api","timestamp":"2026-07-28 13:47:06"}
{"level":"info","message":"Database synced","service":"nivas-api","timestamp":"2026-07-28 13:47:06"}
{"level":"info","message":"Nivas API server running on port 5000 [development]","service":"nivas-api","timestamp":"2026-07-28 13:47:06"}
{"level":"info","message":"Database connection established","service":"nivas-api","timestamp":"2026-07-28 13:47:08"}
{"level":"info","message":"Database synced","service":"nivas-api","timestamp":"2026-07-28 13:47:08"}
{"level":"info","message":"Nivas API server running on port 5000 [development]","service":"nivas-api","timestamp":"2026-07-28 13:47:08"}
{"level":"info","message":"Database connection established","service":"nivas-api","timestamp":"2026-07-28 13:50:32"}
{"level":"info","message":"Database synced","service":"nivas-api","timestamp":"2026-07-28 13:50:32"}
{"level":"info","message":"Nivas API server running on port 5000 [development]","service":"nivas-api","timestamp":"2026-07-28 13:50:32"}
{"level":"info","message":"Database connection established","service":"nivas-api","timestamp":"2026-07-28 13:54:22"}
{"level":"info","message":"Database synced","service":"nivas-api","timestamp":"2026-07-28 13:54:23"}
{"level":"info","message":"Nivas API server running on port 5000 [development]","service":"nivas-api","timestamp":"2026-07-28 13:54:23"}
{"level":"info","message":"Database connection established","service":"nivas-api","timestamp":"2026-07-28 14:33:06"}
{"level":"info","message":"Database synced","service":"nivas-api","timestamp":"2026-07-28 14:33:06"}
{"level":"info","message":"Nivas API server running on port 5000 [development]","service":"nivas-api","timestamp":"2026-07-28 14:33:06"}
{"level":"error","message":"Invalid email or password","method":"POST","service":"nivas-api","stack":"Error: Invalid email or password\n    at Object.login (C:\\Users\\nikhi\\OneDrive\\Documents\\nivas\\backend\\services\\authService.js:56:25)\n    at process.processTicksAndRejections (node:internal/process/task_queues:105:5)\n    at async exports.login (C:\\Users\\nikhi\\OneDrive\\Documents\\nivas\\backend\\controllers\\authController.js:6:20)","timestamp":"2026-07-28 15:08:04","url":"/api/auth/login"}
{"level":"error","message":"Invalid email or password","method":"POST","service":"nivas-api","stack":"Error: Invalid email or password\n    at Object.login (C:\\Users\\nikhi\\OneDrive\\Documents\\nivas\\backend\\services\\authService.js:56:25)\n    at process.processTicksAndRejections (node:internal/process/task_queues:105:5)\n    at async exports.login (C:\\Users\\nikhi\\OneDrive\\Documents\\nivas\\backend\\controllers\\authController.js:6:20)","timestamp":"2026-07-28 15:08:12","url":"/api/auth/login"}
{"level":"info","message":"Database connection established","service":"nivas-api","timestamp":"2026-07-28 16:03:32"}
{"level":"info","message":"Database synced","service":"nivas-api","timestamp":"2026-07-28 16:03:32"}
{"level":"info","message":"Nivas API server running on port 5000 [development]","service":"nivas-api","timestamp":"2026-07-28 16:03:32"}
{"level":"info","message":"Database connection established","service":"nivas-api","timestamp":"2026-07-28 16:08:33"}
{"level":"info","message":"Database synced","service":"nivas-api","timestamp":"2026-07-28 16:08:33"}
{"level":"info","message":"Nivas API server running on port 5000 [development]","service":"nivas-api","timestamp":"2026-07-28 16:08:33"}
{"level":"info","message":"Database connection established","service":"nivas-api","timestamp":"2026-07-28 16:08:44"}
{"level":"info","message":"Database synced","service":"nivas-api","timestamp":"2026-07-28 16:08:44"}
{"level":"info","message":"Nivas API server running on port 5000 [development]","service":"nivas-api","timestamp":"2026-07-28 16:08:44"}
{"level":"info","message":"Database connection established","service":"nivas-api","timestamp":"2026-07-28 16:08:57"}
{"level":"info","message":"Database synced","service":"nivas-api","timestamp":"2026-07-28 16:08:58"}
{"level":"info","message":"Nivas API server running on port 5000 [development]","service":"nivas-api","timestamp":"2026-07-28 16:08:58"}
{"level":"info","message":"Database connection established","service":"nivas-api","timestamp":"2026-07-28 16:09:20"}
{"level":"info","message":"Database synced","service":"nivas-api","timestamp":"2026-07-28 16:09:20"}
{"level":"info","message":"Nivas API server running on port 5000 [development]","service":"nivas-api","timestamp":"2026-07-28 16:09:20"}
{"level":"info","message":"Database connection established","service":"nivas-api","timestamp":"2026-07-28 16:09:29"}
{"level":"info","message":"Database synced","service":"nivas-api","timestamp":"2026-07-28 16:09:29"}
{"level":"info","message":"Nivas API server running on port 5000 [development]","service":"nivas-api","timestamp":"2026-07-28 16:09:29"}
{"level":"info","message":"Database connection established","service":"nivas-api","timestamp":"2026-07-28 16:21:16"}
{"level":"info","message":"Database synced","service":"nivas-api","timestamp":"2026-07-28 16:21:16"}
{"level":"info","message":"Nivas API server running on port 5000 [development]","service":"nivas-api","timestamp":"2026-07-28 16:21:16"}
{"level":"info","message":"Database connection established","service":"nivas-api","timestamp":"2026-07-28 16:21:24"}
{"level":"info","message":"Database synced","service":"nivas-api","timestamp":"2026-07-28 16:21:24"}
{"level":"info","message":"Nivas API server running on port 5000 [development]","service":"nivas-api","timestamp":"2026-07-28 16:21:24"}
{"level":"info","message":"Database connection established","service":"nivas-api","timestamp":"2026-07-28 16:22:07"}
{"level":"info","message":"Database synced","service":"nivas-api","timestamp":"2026-07-28 16:22:07"}
{"level":"info","message":"Nivas API server running on port 5000 [development]","service":"nivas-api","timestamp":"2026-07-28 16:22:07"}
{"level":"error","message":"Unknown column 'Tenant.full_name' in 'field list'","method":"GET","service":"nivas-api","stack":"Error\n    at Query.run (C:\\Users\\nikhi\\OneDrive\\Documents\\nivas\\backend\\node_modules\\sequelize\\lib\\dialects\\mysql\\query.js:52:25)\n    at C:\\Users\\nikhi\\OneDrive\\Documents\\nivas\\backend\\node_modules\\sequelize\\lib\\sequelize.js:315:28\n    at process.processTicksAndRejections (node:internal/process/task_queues:105:5)\n    at async MySQLQueryInterface.select (C:\\Users\\nikhi\\OneDrive\\Documents\\nivas\\backend\\node_modules\\sequelize\\lib\\dialects\\abstract\\query-interface.js:407:12)\n    at async Tenant.findAll (C:\\Users\\nikhi\\OneDrive\\Documents\\nivas\\backend\\node_modules\\sequelize\\lib\\model.js:1140:21)\n    at async Promise.all (index 1)\n    at async Tenant.findAndCountAll (C:\\Users\\nikhi\\OneDrive\\Documents\\nivas\\backend\\node_modules\\sequelize\\lib\\model.js:1322:27)\n    at async exports.getAll (C:\\Users\\nikhi\\OneDrive\\Documents\\nivas\\backend\\controllers\\tenantController.js:145:29)","timestamp":"2026-07-28 16:22:43","url":"/api/tenants?page=1&limit=10"}
{"level":"error","message":"Unknown column 'Tenant.full_name' in 'field list'","method":"GET","service":"nivas-api","stack":"Error\n    at Query.run (C:\\Users\\nikhi\\OneDrive\\Documents\\nivas\\backend\\node_modules\\sequelize\\lib\\dialects\\mysql\\query.js:52:25)\n    at C:\\Users\\nikhi\\OneDrive\\Documents\\nivas\\backend\\node_modules\\sequelize\\lib\\sequelize.js:315:28\n    at process.processTicksAndRejections (node:internal/process/task_queues:105:5)\n    at async MySQLQueryInterface.select (C:\\Users\\nikhi\\OneDrive\\Documents\\nivas\\backend\\node_modules\\sequelize\\lib\\dialects\\abstract\\query-interface.js:407:12)\n    at async Tenant.findAll (C:\\Users\\nikhi\\OneDrive\\Documents\\nivas\\backend\\node_modules\\sequelize\\lib\\model.js:1140:21)\n    at async Promise.all (index 1)\n    at async Tenant.findAndCountAll (C:\\Users\\nikhi\\OneDrive\\Documents\\nivas\\backend\\node_modules\\sequelize\\lib\\model.js:1322:27)\n    at async exports.getAll (C:\\Users\\nikhi\\OneDrive\\Documents\\nivas\\backend\\controllers\\tenantController.js:145:29)","timestamp":"2026-07-28 16:22:43","url":"/api/tenants?page=1&limit=10"}
{"level":"error","message":"Unknown column 'Tenant.full_name' in 'field list'","method":"GET","service":"nivas-api","stack":"Error\n    at Query.run (C:\\Users\\nikhi\\OneDrive\\Documents\\nivas\\backend\\node_modules\\sequelize\\lib\\dialects\\mysql\\query.js:52:25)\n    at C:\\Users\\nikhi\\OneDrive\\Documents\\nivas\\backend\\node_modules\\sequelize\\lib\\sequelize.js:315:28\n    at process.processTicksAndRejections (node:internal/process/task_queues:105:5)\n    at async MySQLQueryInterface.select (C:\\Users\\nikhi\\OneDrive\\Documents\\nivas\\backend\\node_modules\\sequelize\\lib\\dialects\\abstract\\query-interface.js:407:12)\n    at async Tenant.findAll (C:\\Users\\nikhi\\OneDrive\\Documents\\nivas\\backend\\node_modules\\sequelize\\lib\\model.js:1140:21)\n    at async Promise.all (index 1)\n    at async Tenant.findAndCountAll (C:\\Users\\nikhi\\OneDrive\\Documents\\nivas\\backend\\node_modules\\sequelize\\lib\\model.js:1322:27)\n    at async exports.getAll (C:\\Users\\nikhi\\OneDrive\\Documents\\nivas\\backend\\controllers\\tenantController.js:145:29)","timestamp":"2026-07-28 16:23:03","url":"/api/tenants?page=1&limit=10"}
{"level":"error","message":"Unknown column 'Tenant.full_name' in 'field list'","method":"GET","service":"nivas-api","stack":"Error\n    at Query.run (C:\\Users\\nikhi\\OneDrive\\Documents\\nivas\\backend\\node_modules\\sequelize\\lib\\dialects\\mysql\\query.js:52:25)\n    at C:\\Users\\nikhi\\OneDrive\\Documents\\nivas\\backend\\node_modules\\sequelize\\lib\\sequelize.js:315:28\n    at process.processTicksAndRejections (node:internal/process/task_queues:105:5)\n    at async MySQLQueryInterface.select (C:\\Users\\nikhi\\OneDrive\\Documents\\nivas\\backend\\node_modules\\sequelize\\lib\\dialects\\abstract\\query-interface.js:407:12)\n    at async Tenant.findAll (C:\\Users\\nikhi\\OneDrive\\Documents\\nivas\\backend\\node_modules\\sequelize\\lib\\model.js:1140:21)\n    at async Promise.all (index 1)\n    at async Tenant.findAndCountAll (C:\\Users\\nikhi\\OneDrive\\Documents\\nivas\\backend\\node_modules\\sequelize\\lib\\model.js:1322:27)\n    at async exports.getAll (C:\\Users\\nikhi\\OneDrive\\Documents\\nivas\\backend\\controllers\\tenantController.js:145:29)","timestamp":"2026-07-28 16:23:03","url":"/api/tenants?page=1&limit=10"}
{"level":"error","message":"Unknown column 'Tenant.full_name' in 'field list'","method":"GET","service":"nivas-api","stack":"Error\n    at Query.run (C:\\Users\\nikhi\\OneDrive\\Documents\\nivas\\backend\\node_modules\\sequelize\\lib\\dialects\\mysql\\query.js:52:25)\n    at C:\\Users\\nikhi\\OneDrive\\Documents\\nivas\\backend\\node_modules\\sequelize\\lib\\sequelize.js:315:28\n    at process.processTicksAndRejections (node:internal/process/task_queues:105:5)\n    at async MySQLQueryInterface.select (C:\\Users\\nikhi\\OneDrive\\Documents\\nivas\\backend\\node_modules\\sequelize\\lib\\dialects\\abstract\\query-interface.js:407:12)\n    at async Tenant.findAll (C:\\Users\\nikhi\\OneDrive\\Documents\\nivas\\backend\\node_modules\\sequelize\\lib\\model.js:1140:21)\n    at async Promise.all (index 1)\n    at async Tenant.findAndCountAll (C:\\Users\\nikhi\\OneDrive\\Documents\\nivas\\backend\\node_modules\\sequelize\\lib\\model.js:1322:27)\n    at async exports.getAll (C:\\Users\\nikhi\\OneDrive\\Documents\\nivas\\backend\\controllers\\tenantController.js:145:29)","timestamp":"2026-07-28 16:23:24","url":"/api/tenants?page=1&limit=10"}
{"level":"error","message":"Unknown column 'Tenant.full_name' in 'field list'","method":"GET","service":"nivas-api","stack":"Error\n    at Query.run (C:\\Users\\nikhi\\OneDrive\\Documents\\nivas\\backend\\node_modules\\sequelize\\lib\\dialects\\mysql\\query.js:52:25)\n    at C:\\Users\\nikhi\\OneDrive\\Documents\\nivas\\backend\\node_modules\\sequelize\\lib\\sequelize.js:315:28\n    at process.processTicksAndRejections (node:internal/process/task_queues:105:5)\n    at async MySQLQueryInterface.select (C:\\Users\\nikhi\\OneDrive\\Documents\\nivas\\backend\\node_modules\\sequelize\\lib\\dialects\\abstract\\query-interface.js:407:12)\n    at async Tenant.findAll (C:\\Users\\nikhi\\OneDrive\\Documents\\nivas\\backend\\node_modules\\sequelize\\lib\\model.js:1140:21)\n    at async Promise.all (index 1)\n    at async Tenant.findAndCountAll (C:\\Users\\nikhi\\OneDrive\\Documents\\nivas\\backend\\node_modules\\sequelize\\lib\\model.js:1322:27)\n    at async exports.getAll (C:\\Users\\nikhi\\OneDrive\\Documents\\nivas\\backend\\controllers\\tenantController.js:145:29)","timestamp":"2026-07-28 16:23:24","url":"/api/tenants?page=1&limit=10"}
{"level":"error","message":"Unknown column 'Tenant.full_name' in 'field list'","method":"GET","service":"nivas-api","stack":"Error\n    at Query.run (C:\\Users\\nikhi\\OneDrive\\Documents\\nivas\\backend\\node_modules\\sequelize\\lib\\dialects\\mysql\\query.js:52:25)\n    at C:\\Users\\nikhi\\OneDrive\\Documents\\nivas\\backend\\node_modules\\sequelize\\lib\\sequelize.js:315:28\n    at process.processTicksAndRejections (node:internal/process/task_queues:105:5)\n    at async MySQLQueryInterface.select (C:\\Users\\nikhi\\OneDrive\\Documents\\nivas\\backend\\node_modules\\sequelize\\lib\\dialects\\abstract\\query-interface.js:407:12)\n    at async Tenant.findAll (C:\\Users\\nikhi\\OneDrive\\Documents\\nivas\\backend\\node_modules\\sequelize\\lib\\model.js:1140:21)\n    at async Promise.all (index 1)\n    at async Tenant.findAndCountAll (C:\\Users\\nikhi\\OneDrive\\Documents\\nivas\\backend\\node_modules\\sequelize\\lib\\model.js:1322:27)\n    at async exports.getAll (C:\\Users\\nikhi\\OneDrive\\Documents\\nivas\\backend\\controllers\\tenantController.js:145:29)","timestamp":"2026-07-28 16:23:28","url":"/api/tenants?page=1&limit=10"}
{"level":"error","message":"Unknown column 'Tenant.full_name' in 'field list'","method":"GET","service":"nivas-api","stack":"Error\n    at Query.run (C:\\Users\\nikhi\\OneDrive\\Documents\\nivas\\backend\\node_modules\\sequelize\\lib\\dialects\\mysql\\query.js:52:25)\n    at C:\\Users\\nikhi\\OneDrive\\Documents\\nivas\\backend\\node_modules\\sequelize\\lib\\sequelize.js:315:28\n    at process.processTicksAndRejections (node:internal/process/task_queues:105:5)\n    at async MySQLQueryInterface.select (C:\\Users\\nikhi\\OneDrive\\Documents\\nivas\\backend\\node_modules\\sequelize\\lib\\dialects\\abstract\\query-interface.js:407:12)\n    at async Tenant.findAll (C:\\Users\\nikhi\\OneDrive\\Documents\\nivas\\backend\\node_modules\\sequelize\\lib\\model.js:1140:21)\n    at async Promise.all (index 1)\n    at async Tenant.findAndCountAll (C:\\Users\\nikhi\\OneDrive\\Documents\\nivas\\backend\\node_modules\\sequelize\\lib\\model.js:1322:27)\n    at async exports.getAll (C:\\Users\\nikhi\\OneDrive\\Documents\\nivas\\backend\\controllers\\tenantController.js:145:29)","timestamp":"2026-07-28 16:23:28","url":"/api/tenants?page=1&limit=10"}
{"level":"info","message":"Database connection established","service":"nivas-api","timestamp":"2026-07-28 16:23:56"}
{"level":"info","message":"Database synced","service":"nivas-api","timestamp":"2026-07-28 16:23:56"}
{"level":"info","message":"Nivas API server running on port 5000 [development]","service":"nivas-api","timestamp":"2026-07-28 16:23:56"}
{"level":"info","message":"Database connection established","service":"nivas-api","timestamp":"2026-07-28 16:29:35"}
{"level":"info","message":"Database synced","service":"nivas-api","timestamp":"2026-07-28 16:29:35"}
{"level":"info","message":"Nivas API server running on port 5000 [development]","service":"nivas-api","timestamp":"2026-07-28 16:29:35"}
{"level":"info","message":"Database connection established","service":"nivas-api","timestamp":"2026-07-28 16:29:46"}
{"level":"info","message":"Database synced","service":"nivas-api","timestamp":"2026-07-28 16:29:46"}
{"level":"info","message":"Nivas API server running on port 5000 [development]","service":"nivas-api","timestamp":"2026-07-28 16:29:46"}
{"level":"info","message":"Database connection established","service":"nivas-api","timestamp":"2026-07-28 16:30:27"}
{"level":"info","message":"Database synced","service":"nivas-api","timestamp":"2026-07-28 16:30:27"}
{"level":"info","message":"Nivas API server running on port 5000 [development]","service":"nivas-api","timestamp":"2026-07-28 16:30:27"}
{"level":"info","message":"Database connection established","service":"nivas-api","timestamp":"2026-07-28 16:30:44"}
{"level":"info","message":"Database synced","service":"nivas-api","timestamp":"2026-07-28 16:30:44"}
{"level":"info","message":"Nivas API server running on port 5000 [development]","service":"nivas-api","timestamp":"2026-07-28 16:30:44"}
{"level":"info","message":"Database connection established","service":"nivas-api","timestamp":"2026-07-28 16:30:51"}
{"level":"info","message":"Database synced","service":"nivas-api","timestamp":"2026-07-28 16:30:51"}
{"level":"info","message":"Nivas API server running on port 5000 [development]","service":"nivas-api","timestamp":"2026-07-28 16:30:51"}
{"level":"info","message":"Database connection established","service":"nivas-api","timestamp":"2026-07-28 16:34:01"}
{"level":"info","message":"Database synced","service":"nivas-api","timestamp":"2026-07-28 16:34:02"}
{"level":"info","message":"Nivas API server running on port 5000 [development]","service":"nivas-api","timestamp":"2026-07-28 16:34:02"}
{"level":"error","message":"Invalid email or password","method":"POST","service":"nivas-api","stack":"Error: Invalid email or password\n    at Object.login (C:\\Users\\nikhi\\OneDrive\\Documents\\nivas\\backend\\services\\authService.js:56:25)\n    at process.processTicksAndRejections (node:internal/process/task_queues:105:5)\n    at async exports.login (C:\\Users\\nikhi\\OneDrive\\Documents\\nivas\\backend\\controllers\\authController.js:6:20)","timestamp":"2026-07-28 16:40:14","url":"/api/auth/login"}
{"level":"info","message":"Database connection established","service":"nivas-api","timestamp":"2026-07-28 16:49:07"}
{"level":"info","message":"Database synced","service":"nivas-api","timestamp":"2026-07-28 16:49:07"}
{"level":"info","message":"Nivas API server running on port 5000 [development]","service":"nivas-api","timestamp":"2026-07-28 16:49:07"}
{"level":"info","message":"Database connection established","service":"nivas-api","timestamp":"2026-07-28 16:49:09"}
{"level":"info","message":"Database synced","service":"nivas-api","timestamp":"2026-07-28 16:49:09"}
{"level":"info","message":"Nivas API server running on port 5000 [development]","service":"nivas-api","timestamp":"2026-07-28 16:49:09"}
{"level":"info","message":"Database connection established","service":"nivas-api","timestamp":"2026-07-28 16:49:12"}
{"level":"info","message":"Database synced","service":"nivas-api","timestamp":"2026-07-28 16:49:12"}
{"level":"info","message":"Nivas API server running on port 5000 [development]","service":"nivas-api","timestamp":"2026-07-28 16:49:12"}
{"level":"info","message":"Database connection established","service":"nivas-api","timestamp":"2026-07-28 16:50:01"}
{"level":"info","message":"Database synced","service":"nivas-api","timestamp":"2026-07-28 16:50:01"}
{"level":"info","message":"Nivas API server running on port 5000 [development]","service":"nivas-api","timestamp":"2026-07-28 16:50:01"}
{"level":"info","message":"Provisioned isolated database \"nivas_vdh001\" for hostel #2 (Vita Demo Hostel)","service":"nivas-api","timestamp":"2026-07-28 16:52:21"}
{"level":"info","message":"Database connection established","service":"nivas-api","timestamp":"2026-07-28 16:56:02"}
{"level":"info","message":"Database synced","service":"nivas-api","timestamp":"2026-07-28 16:56:03"}
{"level":"info","message":"Nivas API server running on port 5000 [development]","service":"nivas-api","timestamp":"2026-07-28 16:56:03"}
{"level":"info","message":"Database connection established","service":"nivas-api","timestamp":"2026-07-28 16:59:32"}
{"level":"info","message":"Database synced","service":"nivas-api","timestamp":"2026-07-28 16:59:33"}
{"level":"info","message":"Nivas API server running on port 5000 [development]","service":"nivas-api","timestamp":"2026-07-28 16:59:33"}
{"level":"info","message":"Database connection established","service":"nivas-api","timestamp":"2026-07-28 16:59:54"}
{"level":"info","message":"Database synced","service":"nivas-api","timestamp":"2026-07-28 16:59:55"}
{"level":"info","message":"Nivas API server running on port 5000 [development]","service":"nivas-api","timestamp":"2026-07-28 16:59:55"}
{"level":"info","message":"Database connection established","service":"nivas-api","timestamp":"2026-07-28 17:00:03"}
{"level":"info","message":"Database synced","service":"nivas-api","timestamp":"2026-07-28 17:00:03"}
{"level":"info","message":"Nivas API server running on port 5000 [development]","service":"nivas-api","timestamp":"2026-07-28 17:00:03"}
{"level":"info","message":"Database connection established","service":"hostelink-api","timestamp":"2026-07-28 17:05:14"}
{"level":"info","message":"Database synced","service":"hostelink-api","timestamp":"2026-07-28 17:05:14"}
{"level":"info","message":"Nivas API server running on port 5000 [development]","service":"hostelink-api","timestamp":"2026-07-28 17:05:14"}
{"level":"info","message":"Database connection established","service":"hostelink-api","timestamp":"2026-07-28 17:05:18"}
{"level":"info","message":"Database synced","service":"hostelink-api","timestamp":"2026-07-28 17:05:18"}
{"level":"info","message":"Nivas API server running on port 5000 [development]","service":"hostelink-api","timestamp":"2026-07-28 17:05:18"}
{"level":"info","message":"Database connection established","service":"hostelink-api","timestamp":"2026-07-28 17:05:27"}
{"level":"info","message":"Database synced","service":"hostelink-api","timestamp":"2026-07-28 17:05:27"}
{"level":"info","message":"Nivas API server running on port 5000 [development]","service":"hostelink-api","timestamp":"2026-07-28 17:05:27"}
{"level":"info","message":"Database connection established","service":"hostelink-api","timestamp":"2026-07-28 17:05:49"}
{"level":"info","message":"Database synced","service":"hostelink-api","timestamp":"2026-07-28 17:05:49"}
{"level":"info","message":"Nivas API server running on port 5000 [development]","service":"hostelink-api","timestamp":"2026-07-28 17:05:49"}
{"level":"info","message":"Database connection established","service":"hostelink-api","timestamp":"2026-07-28 17:06:11"}
{"level":"info","message":"Database synced","service":"hostelink-api","timestamp":"2026-07-28 17:06:11"}
{"level":"info","message":"HosteLink API server running on port 5000 [development]","service":"hostelink-api","timestamp":"2026-07-28 17:06:11"}
{"level":"info","message":"Database connection established","service":"hostelink-api","timestamp":"2026-07-28 17:06:13"}
{"level":"info","message":"Database synced","service":"hostelink-api","timestamp":"2026-07-28 17:06:13"}
{"level":"info","message":"HosteLink API server running on port 5000 [development]","service":"hostelink-api","timestamp":"2026-07-28 17:06:13"}
{"level":"info","message":"Database connection established","service":"hostelink-api","timestamp":"2026-07-28 17:06:26"}
{"level":"info","message":"Database synced","service":"hostelink-api","timestamp":"2026-07-28 17:06:26"}
{"level":"info","message":"HosteLink API server running on port 5000 [development]","service":"hostelink-api","timestamp":"2026-07-28 17:06:26"}
{"level":"info","message":"Database connection established","service":"vitastay-api","timestamp":"2026-07-28 18:14:29"}
{"level":"info","message":"Database connection established","service":"vitastay-api","timestamp":"2026-07-28 18:14:34"}
{"level":"info","message":"Database synced","service":"vitastay-api","timestamp":"2026-07-28 18:14:34"}
{"level":"info","message":"Vita Stay API server running on port 5000 [development]","service":"vitastay-api","timestamp":"2026-07-28 18:14:34"}
{"level":"info","message":"Database connection established","service":"vitastay-api","timestamp":"2026-07-28 18:14:38"}
{"level":"info","message":"Database synced","service":"vitastay-api","timestamp":"2026-07-28 18:14:38"}
{"level":"info","message":"Vita Stay API server running on port 5000 [development]","service":"vitastay-api","timestamp":"2026-07-28 18:14:38"}
{"level":"info","message":"Database connection established","service":"vitastay-api","timestamp":"2026-07-29 18:31:02"}
{"level":"info","message":"Database synced","service":"vitastay-api","timestamp":"2026-07-29 18:31:03"}
{"level":"info","message":"Vita Stay API server running on port 5000 [development]","service":"vitastay-api","timestamp":"2026-07-29 18:31:03"}
{"level":"info","message":"Database connection established","service":"vitastay-api","timestamp":"2026-07-29 22:56:30"}
{"level":"info","message":"Database synced","service":"vitastay-api","timestamp":"2026-07-29 22:56:30"}
{"level":"info","message":"Vita Stay API server running on port 5000 [development]","service":"vitastay-api","timestamp":"2026-07-29 22:56:30"}
{"level":"info","message":"Database connection established","service":"vitastay-api","timestamp":"2026-07-29 22:56:35"}
{"level":"info","message":"Database synced","service":"vitastay-api","timestamp":"2026-07-29 22:56:35"}
{"level":"info","message":"Vita Stay API server running on port 5000 [development]","service":"vitastay-api","timestamp":"2026-07-29 22:56:35"}
{"level":"info","message":"Database connection established","service":"vitastay-api","timestamp":"2026-07-29 22:56:40"}
{"level":"info","message":"Database synced","service":"vitastay-api","timestamp":"2026-07-29 22:56:40"}
{"level":"info","message":"Vita Stay API server running on port 5000 [development]","service":"vitastay-api","timestamp":"2026-07-29 22:56:40"}
{"level":"info","message":"Database connection established","service":"vitastay-api","timestamp":"2026-07-29 22:56:48"}
{"level":"info","message":"Database synced","service":"vitastay-api","timestamp":"2026-07-29 22:56:49"}
{"level":"info","message":"Vita Stay API server running on port 5000 [development]","service":"vitastay-api","timestamp":"2026-07-29 22:56:49"}
{"level":"info","message":"Database connection established","service":"vitastay-api","timestamp":"2026-07-29 22:57:51"}
{"level":"info","message":"Database synced","service":"vitastay-api","timestamp":"2026-07-29 22:57:52"}
{"level":"info","message":"Vita Stay API server running on port 5000 [development]","service":"vitastay-api","timestamp":"2026-07-29 22:57:52"}
{"level":"error","message":"Data truncated for column 'category' at row 1","method":"POST","service":"vitastay-api","stack":"Error\n    at Query.run (C:\\Users\\nikhi\\OneDrive\\Documents\\nivas\\backend\\node_modules\\sequelize\\lib\\dialects\\mysql\\query.js:52:25)\n    at C:\\Users\\nikhi\\OneDrive\\Documents\\nivas\\backend\\node_modules\\sequelize\\lib\\sequelize.js:315:28\n    at process.processTicksAndRejections (node:internal/process/task_queues:105:5)\n    at async MySQLQueryInterface.insert (C:\\Users\\nikhi\\OneDrive\\Documents\\nivas\\backend\\node_modules\\sequelize\\lib\\dialects\\abstract\\query-interface.js:308:21)\n    at async model.save (C:\\Users\\nikhi\\OneDrive\\Documents\\nivas\\backend\\node_modules\\sequelize\\lib\\model.js:2490:35)\n    at async Complaint.create (C:\\Users\\nikhi\\OneDrive\\Documents\\nivas\\backend\\node_modules\\sequelize\\lib\\model.js:1362:12)\n    at async exports.create (C:\\Users\\nikhi\\OneDrive\\Documents\\nivas\\backend\\controllers\\complaintController.js:101:23)","timestamp":"2026-07-29 23:13:22","url":"/api/complaints"}
{"level":"error","message":"Data truncated for column 'category' at row 1","method":"POST","service":"vitastay-api","stack":"Error\n    at Query.run (C:\\Users\\nikhi\\OneDrive\\Documents\\nivas\\backend\\node_modules\\sequelize\\lib\\dialects\\mysql\\query.js:52:25)\n    at C:\\Users\\nikhi\\OneDrive\\Documents\\nivas\\backend\\node_modules\\sequelize\\lib\\sequelize.js:315:28\n    at process.processTicksAndRejections (node:internal/process/task_queues:105:5)\n    at async MySQLQueryInterface.insert (C:\\Users\\nikhi\\OneDrive\\Documents\\nivas\\backend\\node_modules\\sequelize\\lib\\dialects\\abstract\\query-interface.js:308:21)\n    at async model.save (C:\\Users\\nikhi\\OneDrive\\Documents\\nivas\\backend\\node_modules\\sequelize\\lib\\model.js:2490:35)\n    at async Complaint.create (C:\\Users\\nikhi\\OneDrive\\Documents\\nivas\\backend\\node_modules\\sequelize\\lib\\model.js:1362:12)\n    at async exports.create (C:\\Users\\nikhi\\OneDrive\\Documents\\nivas\\backend\\controllers\\complaintController.js:101:23)","timestamp":"2026-07-29 23:13:37","url":"/api/complaints"}
{"level":"info","message":"Database connection established","service":"vitastay-api","timestamp":"2026-07-29 23:34:37"}
{"level":"info","message":"Database synced","service":"vitastay-api","timestamp":"2026-07-29 23:34:37"}
{"level":"info","message":"Vita Stay API server running on port 5000 [development]","service":"vitastay-api","timestamp":"2026-07-29 23:34:37"}
{"level":"info","message":"Database connection established","service":"vitastay-api","timestamp":"2026-07-29 23:34:44"}
{"level":"info","message":"Database synced","service":"vitastay-api","timestamp":"2026-07-29 23:34:45"}
{"level":"info","message":"Vita Stay API server running on port 5000 [development]","service":"vitastay-api","timestamp":"2026-07-29 23:34:45"}
{"level":"info","message":"Database connection established","service":"vitastay-api","timestamp":"2026-07-29 23:37:49"}
{"level":"info","message":"Database synced","service":"vitastay-api","timestamp":"2026-07-29 23:37:50"}
{"level":"info","message":"Vita Stay API server running on port 5000 [development]","service":"vitastay-api","timestamp":"2026-07-29 23:37:50"}
{"level":"info","message":"Database connection established","service":"vitastay-api","timestamp":"2026-07-29 23:38:13"}
{"level":"info","message":"Database synced","service":"vitastay-api","timestamp":"2026-07-29 23:38:13"}
{"level":"info","message":"Vita Stay API server running on port 5000 [development]","service":"vitastay-api","timestamp":"2026-07-29 23:38:13"}
{"level":"error","message":"Invalid email or password","method":"POST","service":"vitastay-api","stack":"Error: Invalid email or password\n    at Object.login (C:\\Users\\nikhi\\OneDrive\\Documents\\nivas\\backend\\services\\authService.js:57:25)\n    at process.processTicksAndRejections (node:internal/process/task_queues:105:5)\n    at async exports.login (C:\\Users\\nikhi\\OneDrive\\Documents\\nivas\\backend\\controllers\\authController.js:6:20)","timestamp":"2026-07-29 23:40:59","url":"/api/auth/login"}
{"level":"error","message":"Invalid email or password","method":"POST","service":"vitastay-api","stack":"Error: Invalid email or password\n    at Object.login (C:\\Users\\nikhi\\OneDrive\\Documents\\nivas\\backend\\services\\authService.js:57:25)\n    at process.processTicksAndRejections (node:internal/process/task_queues:105:5)\n    at async exports.login (C:\\Users\\nikhi\\OneDrive\\Documents\\nivas\\backend\\controllers\\authController.js:6:20)","timestamp":"2026-07-29 23:42:24","url":"/api/auth/login"}
{"level":"info","message":"Database connection established","service":"vitastay-api","timestamp":"2026-07-29 23:47:20"}
{"level":"info","message":"Database synced","service":"vitastay-api","timestamp":"2026-07-29 23:47:21"}
{"level":"info","message":"Vita Stay API server running on port 5000 [development]","service":"vitastay-api","timestamp":"2026-07-29 23:47:21"}
{"level":"info","message":"Database connection established","service":"vitastay-api","timestamp":"2026-07-29 23:49:02"}
{"level":"info","message":"Database synced","service":"vitastay-api","timestamp":"2026-07-29 23:49:02"}
{"level":"info","message":"Vita Stay API server running on port 5000 [development]","service":"vitastay-api","timestamp":"2026-07-29 23:49:02"}
{"level":"info","message":"Database connection established","service":"vitastay-api","timestamp":"2026-07-29 23:52:05"}
{"level":"info","message":"Database synced","service":"vitastay-api","timestamp":"2026-07-29 23:52:05"}
{"level":"info","message":"Vita Stay API server running on port 5000 [development]","service":"vitastay-api","timestamp":"2026-07-29 23:52:05"}
{"level":"info","message":"Database connection established","service":"vitastay-api","timestamp":"2026-07-29 23:55:22"}
{"level":"info","message":"Database synced","service":"vitastay-api","timestamp":"2026-07-29 23:55:22"}
{"level":"info","message":"Vita Stay API server running on port 5000 [development]","service":"vitastay-api","timestamp":"2026-07-29 23:55:22"}
{"level":"info","message":"Database connection established","service":"vitastay-api","timestamp":"2026-07-29 23:57:15"}
{"level":"info","message":"Database synced","service":"vitastay-api","timestamp":"2026-07-29 23:57:15"}
{"level":"info","message":"Vita Stay API server running on port 5000 [development]","service":"vitastay-api","timestamp":"2026-07-29 23:57:15"}
{"level":"info","message":"Database connection established","service":"vitastay-api","timestamp":"2026-07-30 00:01:15"}
{"level":"info","message":"Database synced","service":"vitastay-api","timestamp":"2026-07-30 00:01:15"}
{"level":"info","message":"Vita Stay API server running on port 5000 [development]","service":"vitastay-api","timestamp":"2026-07-30 00:01:15"}
{"level":"info","message":"Database connection established","service":"vitastay-api","timestamp":"2026-07-30 00:02:26"}
{"level":"info","message":"Database synced","service":"vitastay-api","timestamp":"2026-07-30 00:02:26"}
{"level":"info","message":"Vita Stay API server running on port 5000 [development]","service":"vitastay-api","timestamp":"2026-07-30 00:02:26"}
{"level":"info","message":"Database connection established","service":"vitastay-api","timestamp":"2026-07-30 00:07:59"}
{"level":"info","message":"Database synced","service":"vitastay-api","timestamp":"2026-07-30 00:07:59"}
{"level":"info","message":"Vita Stay API server running on port 5000 [development]","service":"vitastay-api","timestamp":"2026-07-30 00:07:59"}
{"level":"info","message":"Database connection established","service":"vitastay-api","timestamp":"2026-07-30 00:08:50"}
{"level":"info","message":"Database synced","service":"vitastay-api","timestamp":"2026-07-30 00:08:50"}
{"level":"info","message":"Vita Stay API server running on port 5000 [development]","service":"vitastay-api","timestamp":"2026-07-30 00:08:50"}
{"level":"info","message":"Database connection established","service":"vitastay-api","timestamp":"2026-07-30 00:12:38"}
{"level":"info","message":"Database synced","service":"vitastay-api","timestamp":"2026-07-30 00:12:39"}
{"level":"info","message":"Vita Stay API server running on port 5000 [development]","service":"vitastay-api","timestamp":"2026-07-30 00:12:39"}
{"level":"info","message":"Database connection established","service":"vitastay-api","timestamp":"2026-07-30 00:13:49"}
{"level":"info","message":"Database synced","service":"vitastay-api","timestamp":"2026-07-30 00:13:49"}
{"level":"info","message":"Vita Stay API server running on port 5000 [development]","service":"vitastay-api","timestamp":"2026-07-30 00:13:49"}
{"level":"error","message":"Invalid email or password","method":"POST","service":"vitastay-api","stack":"Error: Invalid email or password\n    at Object.login (C:\\Users\\nikhi\\OneDrive\\Documents\\nivas\\backend\\services\\authService.js:57:25)\n    at process.processTicksAndRejections (node:internal/process/task_queues:105:5)\n    at async exports.login (C:\\Users\\nikhi\\OneDrive\\Documents\\nivas\\backend\\controllers\\authController.js:6:20)","timestamp":"2026-07-30 00:14:20","url":"/api/auth/login"}
{"level":"info","message":"Database connection established","service":"vitastay-api","timestamp":"2026-07-30 00:28:08"}
{"level":"info","message":"Database synced","service":"vitastay-api","timestamp":"2026-07-30 00:28:09"}
{"level":"info","message":"Vita Stay API server running on port 5000 [development]","service":"vitastay-api","timestamp":"2026-07-30 00:28:09"}
{"level":"info","message":"Database connection established","service":"vitastay-api","timestamp":"2026-07-30 00:28:54"}
{"level":"info","message":"Database synced","service":"vitastay-api","timestamp":"2026-07-30 00:28:54"}
{"level":"info","message":"Vita Stay API server running on port 5000 [development]","service":"vitastay-api","timestamp":"2026-07-30 00:28:54"}
{"level":"info","message":"Database connection established","service":"vitastay-api","timestamp":"2026-07-30 00:29:33"}
{"level":"info","message":"Database synced","service":"vitastay-api","timestamp":"2026-07-30 00:29:33"}
{"level":"info","message":"Vita Stay API server running on port 5000 [development]","service":"vitastay-api","timestamp":"2026-07-30 00:29:33"}
{"level":"info","message":"Database connection established","service":"vitastay-api","timestamp":"2026-07-30 00:30:14"}
{"level":"info","message":"Database synced","service":"vitastay-api","timestamp":"2026-07-30 00:30:14"}
{"level":"info","message":"Vita Stay API server running on port 5000 [development]","service":"vitastay-api","timestamp":"2026-07-30 00:30:14"}
{"level":"info","message":"Database connection established","service":"vitastay-api","timestamp":"2026-07-30 00:35:49"}
{"level":"info","message":"Database synced","service":"vitastay-api","timestamp":"2026-07-30 00:35:49"}
{"level":"info","message":"Vita Stay API server running on port 5000 [development]","service":"vitastay-api","timestamp":"2026-07-30 00:35:49"}
{"level":"info","message":"Database connection established","service":"vitastay-api","timestamp":"2026-07-30 00:51:15"}
{"level":"info","message":"Database synced","service":"vitastay-api","timestamp":"2026-07-30 00:51:15"}
{"level":"info","message":"Vita Stay API server running on port 5000 [development]","service":"vitastay-api","timestamp":"2026-07-30 00:51:15"}
{"level":"info","message":"Database connection established","service":"vitastay-api","timestamp":"2026-07-30 00:51:43"}
{"level":"info","message":"Database synced","service":"vitastay-api","timestamp":"2026-07-30 00:51:43"}
{"level":"info","message":"Vita Stay API server running on port 5000 [development]","service":"vitastay-api","timestamp":"2026-07-30 00:51:43"}
{"level":"error","message":"Invalid email or password","method":"POST","service":"vitastay-api","stack":"Error: Invalid email or password\n    at Object.login (C:\\Users\\nikhi\\OneDrive\\Documents\\nivas\\backend\\services\\authService.js:57:25)\n    at process.processTicksAndRejections (node:internal/process/task_queues:105:5)\n    at async exports.login (C:\\Users\\nikhi\\OneDrive\\Documents\\nivas\\backend\\controllers\\authController.js:6:20)","timestamp":"2026-07-30 00:54:30","url":"/api/auth/login"}
{"level":"info","message":"Database connection established","service":"vitastay-api","timestamp":"2026-07-30 01:00:02"}
{"level":"info","message":"Database synced","service":"vitastay-api","timestamp":"2026-07-30 01:00:02"}
{"level":"info","message":"Vita Stay API server running on port 5000 [development]","service":"vitastay-api","timestamp":"2026-07-30 01:00:02"}
{"level":"info","message":"Database connection established","service":"vitastay-api","timestamp":"2026-07-30 01:14:58"}
{"level":"info","message":"Database synced","service":"vitastay-api","timestamp":"2026-07-30 01:14:58"}
{"level":"info","message":"Vita Stay API server running on port 5000 [development]","service":"vitastay-api","timestamp":"2026-07-30 01:14:58"}
{"level":"info","message":"Database connection established","service":"vitastay-api","timestamp":"2026-07-30 01:18:47"}
{"level":"info","message":"Database synced","service":"vitastay-api","timestamp":"2026-07-30 01:18:47"}
{"level":"info","message":"Vita Stay API server running on port 5000 [development]","service":"vitastay-api","timestamp":"2026-07-30 01:18:47"}
{"level":"info","message":"Database connection established","service":"vitastay-api","timestamp":"2026-07-30 01:19:25"}
{"level":"info","message":"Database synced","service":"vitastay-api","timestamp":"2026-07-30 01:19:26"}
{"level":"info","message":"Vita Stay API server running on port 5000 [development]","service":"vitastay-api","timestamp":"2026-07-30 01:19:26"}
{"level":"info","message":"Database connection established","service":"vitastay-api","timestamp":"2026-07-30 01:20:48"}
{"level":"info","message":"Database synced","service":"vitastay-api","timestamp":"2026-07-30 01:20:50"}
{"level":"info","message":"Vita Stay API server running on port 5000 [development]","service":"vitastay-api","timestamp":"2026-07-30 01:20:50"}
